pytest : C:\Users\cabra\AppData\Roaming\Python\Python312\site-packages\pytest_asyncio\plugin.py:247: PytestDeprecationWarning: The configuration option 
"asyncio_default_fixture_loop_scope" is unset.
At line:1 char:1
+ pytest > pytest.log 2>&1
+ ~~~~~~~~~~~~~~~~~~~~~~~~
    + CategoryInfo          : NotSpecified: (C:\Users\cabra\...cope" is unset.:String) [], RemoteException
    + FullyQualifiedErrorId : NativeCommandError
 
The event loop scope for asynchronous fixtures will default to the fixture caching scope. Future versions of pytest-asyncio will default the loop scope for asynchronous fixtures to 
function scope. Set the default fixture loop scope explicitly in order to avoid unexpected behavior in the future. Valid fixture loop scopes are: "function", "class", "module", 
"package", "session"

  warnings.warn(PytestDeprecationWarning(_DEFAULT_FIXTURE_LOOP_SCOPE_UNSET))
============================= test session starts =============================
platform win32 -- Python 3.12.6, pytest-8.3.4, pluggy-1.5.0 -- C:\Python312\python.exe
cachedir: .pytest_cache
rootdir: C:\Users\cabra\Projects\LifeOS
configfile: pytest.ini
testpaths: runtime/tests, tests_doc, tests_recursive
plugins: anyio-4.7.0, asyncio-1.3.0, cov-6.2.1, mockito-0.0.4
asyncio: mode=Mode.STRICT, debug=False, asyncio_default_fixture_loop_scope=None, asyncio_default_test_loop_scope=function
collecting ... collected 84 items / 18 errors

=================================== ERRORS ====================================
__________ ERROR collecting runtime/tests/test_crypto_determinism.py __________
ImportError while importing test module 'C:\Users\cabra\Projects\LifeOS\runtime\tests\test_crypto_determinism.py'.
Hint: make sure your test modules/packages have valid Python names.
Traceback:
C:\Python312\Lib\importlib\__init__.py:90: in import_module
    return _bootstrap._gcd_import(name[level:], package, level)
runtime\tests\test_crypto_determinism.py:4: in <module>
    from runtime.util.crypto import create_signature_metadata
E   ImportError: cannot import name 'create_signature_metadata' from 'runtime.util.crypto' (C:\Users\cabra\Projects\LifeOS\runtime\util\crypto.py)
_____________ ERROR collecting runtime/tests/test_determinism.py ______________
ImportError while importing test module 'C:\Users\cabra\Projects\LifeOS\runtime\tests\test_determinism.py'.
Hint: make sure your test modules/packages have valid Python names.
Traceback:
C:\Python312\Lib\importlib\__init__.py:90: in import_module
    return _bootstrap._gcd_import(name[level:], package, level)
runtime\tests\test_determinism.py:2: in <module>
    from runtime.state_machine import RuntimeFSM, RuntimeState, GovernanceError
E   ModuleNotFoundError: No module named 'runtime.state_machine'
________________ ERROR collecting runtime/tests/test_engine.py ________________
ImportError while importing test module 'C:\Users\cabra\Projects\LifeOS\runtime\tests\test_engine.py'.
Hint: make sure your test modules/packages have valid Python names.
Traceback:
C:\Python312\Lib\importlib\__init__.py:90: in import_module
    return _bootstrap._gcd_import(name[level:], package, level)
runtime\tests\test_engine.py:3: in <module>
    from runtime.engine import RuntimeFSM, RuntimeState
runtime\engine.py:5: in <module>
    from ..util.questions import raise_question, QuestionType
E   ImportError: attempted relative import beyond top-level package
______ ERROR collecting runtime/tests/test_fsm_checkpoint_regression.py _______
ImportError while importing test module 'C:\Users\cabra\Projects\LifeOS\runtime\tests\test_fsm_checkpoint_regression.py'.
Hint: make sure your test modules/packages have valid Python names.
Traceback:
C:\Python312\Lib\importlib\__init__.py:90: in import_module
    return _bootstrap._gcd_import(name[level:], package, level)
runtime\tests\test_fsm_checkpoint_regression.py:7: in <module>
    from runtime.state_machine import RuntimeFSM, RuntimeState
E   ModuleNotFoundError: No module named 'runtime.state_machine'
_________ ERROR collecting runtime/tests/test_governance_integrity.py _________
ImportError while importing test module 'C:\Users\cabra\Projects\LifeOS\runtime\tests\test_governance_integrity.py'.
Hint: make sure your test modules/packages have valid Python names.
Traceback:
C:\Python312\Lib\importlib\__init__.py:90: in import_module
    return _bootstrap._gcd_import(name[level:], package, level)
runtime\tests\test_governance_integrity.py:5: in <module>
    from runtime.state_machine import RuntimeFSM
E   ModuleNotFoundError: No module named 'runtime.state_machine'
______________ ERROR collecting runtime/tests/test_migration.py _______________
ImportError while importing test module 'C:\Users\cabra\Projects\LifeOS\runtime\tests\test_migration.py'.
Hint: make sure your test modules/packages have valid Python names.
Traceback:
C:\Python312\Lib\importlib\__init__.py:90: in import_module
    return _bootstrap._gcd_import(name[level:], package, level)
runtime\tests\test_migration.py:4: in <module>
    from runtime.state_machine import RuntimeFSM, RuntimeState
E   ModuleNotFoundError: No module named 'runtime.state_machine'
_________ ERROR collecting runtime/tests/test_migration_snapshot_b.py _________
ImportError while importing test module 'C:\Users\cabra\Projects\LifeOS\runtime\tests\test_migration_snapshot_b.py'.
Hint: make sure your test modules/packages have valid Python names.
Traceback:
C:\Python312\Lib\importlib\__init__.py:90: in import_module
    return _bootstrap._gcd_import(name[level:], package, level)
runtime\tests\test_migration_snapshot_b.py:5: in <module>
    from runtime.migration import MigrationEngine
runtime\migration.py:8: in <module>
    from ..runtime.state_machine import RuntimeFSM, RuntimeState, GovernanceError
E   ImportError: attempted relative import beyond top-level package
__________ ERROR collecting runtime/tests/test_r6_5_amu0_capture.py ___________
ImportError while importing test module 'C:\Users\cabra\Projects\LifeOS\runtime\tests\test_r6_5_amu0_capture.py'.
Hint: make sure your test modules/packages have valid Python names.
Traceback:
C:\Python312\Lib\importlib\__init__.py:90: in import_module
    return _bootstrap._gcd_import(name[level:], package, level)
runtime\tests\test_r6_5_amu0_capture.py:4: in <module>
    from runtime.amu_capture import AMUCapture
E   ModuleNotFoundError: No module named 'runtime.amu_capture'
________ ERROR collecting runtime/tests/test_r6_5_deep_replay_trace.py ________
ImportError while importing test module 'C:\Users\cabra\Projects\LifeOS\runtime\tests\test_r6_5_deep_replay_trace.py'.
Hint: make sure your test modules/packages have valid Python names.
Traceback:
C:\Python312\Lib\importlib\__init__.py:90: in import_module
    return _bootstrap._gcd_import(name[level:], package, level)
runtime\tests\test_r6_5_deep_replay_trace.py:7: in <module>
    from runtime.amu_capture import AMUCapture
E   ModuleNotFoundError: No module named 'runtime.amu_capture'
_________ ERROR collecting runtime/tests/test_r6_5_initialization.py __________
ImportError while importing test module 'C:\Users\cabra\Projects\LifeOS\runtime\tests\test_r6_5_initialization.py'.
Hint: make sure your test modules/packages have valid Python names.
Traceback:
C:\Python312\Lib\importlib\__init__.py:90: in import_module
    return _bootstrap._gcd_import(name[level:], package, level)
runtime\tests\test_r6_5_initialization.py:3: in <module>
    from runtime.init import initialize_runtime, assert_initialized, _initialized_amu0_path
E   ModuleNotFoundError: No module named 'runtime.init'
_________ ERROR collecting runtime/tests/test_r6_5_key_management.py __________
ImportError while importing test module 'C:\Users\cabra\Projects\LifeOS\runtime\tests\test_r6_5_key_management.py'.
Hint: make sure your test modules/packages have valid Python names.
Traceback:
C:\Python312\Lib\importlib\__init__.py:90: in import_module
    return _bootstrap._gcd_import(name[level:], package, level)
runtime\tests\test_r6_5_key_management.py:5: in <module>
    from runtime.util.crypto import Signature, CryptoError, load_keys, _CEO_PRIVATE_KEY, _CEO_PUBLIC_KEY
E   ImportError: cannot import name 'CryptoError' from 'runtime.util.crypto' (C:\Users\cabra\Projects\LifeOS\runtime\util\crypto.py)
________ ERROR collecting runtime/tests/test_r6_5_question_routing.py _________
ImportError while importing test module 'C:\Users\cabra\Projects\LifeOS\runtime\tests\test_r6_5_question_routing.py'.
Hint: make sure your test modules/packages have valid Python names.
Traceback:
C:\Python312\Lib\importlib\__init__.py:90: in import_module
    return _bootstrap._gcd_import(name[level:], package, level)
runtime\tests\test_r6_5_question_routing.py:3: in <module>
    from runtime.state_machine import RuntimeFSM, RuntimeState, GovernanceError
E   ModuleNotFoundError: No module named 'runtime.state_machine'
_______ ERROR collecting runtime/tests/test_r6_5_rollback_integrity.py ________
ImportError while importing test module 'C:\Users\cabra\Projects\LifeOS\runtime\tests\test_r6_5_rollback_integrity.py'.
Hint: make sure your test modules/packages have valid Python names.
Traceback:
C:\Python312\Lib\importlib\__init__.py:90: in import_module
    return _bootstrap._gcd_import(name[level:], package, level)
runtime\tests\test_r6_5_rollback_integrity.py:5: in <module>
    from runtime.rollback_log import RollbackLog, MAX_ROLLBACK_ENTRIES
E   ModuleNotFoundError: No module named 'runtime.rollback_log'
______ ERROR collecting runtime/tests/test_r6_5_subprocess_isolation.py _______
ImportError while importing test module 'C:\Users\cabra\Projects\LifeOS\runtime\tests\test_r6_5_subprocess_isolation.py'.
Hint: make sure your test modules/packages have valid Python names.
Traceback:
C:\Python312\Lib\importlib\__init__.py:90: in import_module
    return _bootstrap._gcd_import(name[level:], package, level)
runtime\tests\test_r6_5_subprocess_isolation.py:3: in <module>
    from runtime.util.context import _verify_time_pinning, _verify_hardware_context
E   ModuleNotFoundError: No module named 'runtime.util.context'
_________ ERROR collecting runtime/tests/test_r6_5_tracker_signing.py _________
ImportError while importing test module 'C:\Users\cabra\Projects\LifeOS\runtime\tests\test_r6_5_tracker_signing.py'.
Hint: make sure your test modules/packages have valid Python names.
Traceback:
C:\Python312\Lib\importlib\__init__.py:90: in import_module
    return _bootstrap._gcd_import(name[level:], package, level)
runtime\tests\test_r6_5_tracker_signing.py:5: in <module>
    from runtime.util.amu0_utils import resolve_amu0_path
E   ModuleNotFoundError: No module named 'runtime.util.amu0_utils'
______ ERROR collecting runtime/tests/test_r6_integration_determinism.py ______
ImportError while importing test module 'C:\Users\cabra\Projects\LifeOS\runtime\tests\test_r6_integration_determinism.py'.
Hint: make sure your test modules/packages have valid Python names.
Traceback:
C:\Python312\Lib\importlib\__init__.py:90: in import_module
    return _bootstrap._gcd_import(name[level:], package, level)
runtime\tests\test_r6_integration_determinism.py:13: in <module>
    from runtime.state_machine import RuntimeFSM, RuntimeState, GovernanceError
E   ModuleNotFoundError: No module named 'runtime.state_machine'
________________ ERROR collecting runtime/tests/test_replay.py ________________
ImportError while importing test module 'C:\Users\cabra\Projects\LifeOS\runtime\tests\test_replay.py'.
Hint: make sure your test modules/packages have valid Python names.
Traceback:
C:\Python312\Lib\importlib\__init__.py:90: in import_module
    return _bootstrap._gcd_import(name[level:], package, level)
runtime\tests\test_replay.py:4: in <module>
    from runtime.state_machine import RuntimeFSM, RuntimeState
E   ModuleNotFoundError: No module named 'runtime.state_machine'
___________ ERROR collecting runtime/tests/test_sandbox_security.py ___________
ImportError while importing test module 'C:\Users\cabra\Projects\LifeOS\runtime\tests\test_sandbox_security.py'.
Hint: make sure your test modules/packages have valid Python names.
Traceback:
C:\Python312\Lib\importlib\__init__.py:90: in import_module
    return _bootstrap._gcd_import(name[level:], package, level)
runtime\tests\test_sandbox_security.py:2: in <module>
    from runtime.gates import GateKeeper
runtime\gates.py:8: in <module>
    from .state_machine import RuntimeFSM, RuntimeState, GovernanceError
E   ModuleNotFoundError: No module named 'runtime.state_machine'
=========================== short test summary info ===========================
ERROR runtime/tests/test_crypto_determinism.py
ERROR runtime/tests/test_determinism.py
ERROR runtime/tests/test_engine.py
ERROR runtime/tests/test_fsm_checkpoint_regression.py
ERROR runtime/tests/test_governance_integrity.py
ERROR runtime/tests/test_migration.py
ERROR runtime/tests/test_migration_snapshot_b.py
ERROR runtime/tests/test_r6_5_amu0_capture.py
ERROR runtime/tests/test_r6_5_deep_replay_trace.py
ERROR runtime/tests/test_r6_5_initialization.py
ERROR runtime/tests/test_r6_5_key_management.py
ERROR runtime/tests/test_r6_5_question_routing.py
ERROR runtime/tests/test_r6_5_rollback_integrity.py
ERROR runtime/tests/test_r6_5_subprocess_isolation.py
ERROR runtime/tests/test_r6_5_tracker_signing.py
ERROR runtime/tests/test_r6_integration_determinism.py
ERROR runtime/tests/test_replay.py
ERROR runtime/tests/test_sandbox_security.py
!!!!!!!!!!!!!!!!!! Interrupted: 18 errors during collection !!!!!!!!!!!!!!!!!!!
============================= 18 errors in 0.30s ==============================
